10.35.33.116 - - [19/Jan/2022:17:25:06 +0000] "GET /wp-includes/js/wp-embed.min.js?ver=5.8.3 HTTP/1.1" 200 1098 "http://intranet.price.fox.org/" "Mozilla/5.0 (X11; Linux x86_64) AppleWebKit/537.36 (KHTML, like Gecko) HeadlessChrome/95.0.4638.69 Safari/537.36"
10.35.33.116 - - [19/Jan/2022:17:25:06 +0000] "GET /wp-content/themes/go/dist/js/frontend.min.js?ver=1.5.1 HTTP/1.1" 200 11600 "http://intranet.price.fox.org/" "Mozilla/5.0 (X11; Linux x86_64) AppleWebKit/537.36 (KHTML, like Gecko) HeadlessChrome/95.0.4638.69 Safari/537.36"
10.35.33.116 - - [19/Jan/2022:17:25:06 +0000] "GET /wp-includes/css/dist/block-library/style.min.css?ver=5.8.3 HTTP/1.1" 200 10846 "http://intranet.price.fox.org/" "Mozilla/5.0 (X11; Linux x86_64) AppleWebKit/537.36 (KHTML, like Gecko) HeadlessChrome/95.0.4638.69 Safari/537.36"
10.35.33.116 - - [19/Jan/2022:17:25:06 +0000] "GET /wp-includes/js/jquery/jquery.min.js?ver=3.6.0 HTTP/1.1" 200 31246 "http://intranet.price.fox.org/" "Mozilla/5.0 (X11; Linux x86_64) AppleWebKit/537.36 (KHTML, like Gecko) HeadlessChrome/95.0.4638.69 Safari/537.36"
10.35.33.116 - - [19/Jan/2022:17:25:06 +0000] "GET /wp-content/themes/go/dist/css/style-shared.min.css?ver=1.5.1 HTTP/1.1" 200 23190 "http://intranet.price.fox.org/" "Mozilla/5.0 (X11; Linux x86_64) AppleWebKit/537.36 (KHTML, like Gecko) HeadlessChrome/95.0.4638.69 Safari/537.36"
10.35.33.116 - - [19/Jan/2022:17:25:06 +0000] "GET /wp-includes/js/wp-emoji-release.min.js?ver=5.8.3 HTTP/1.1" 200 5265 "http://intranet.price.fox.org/" "Mozilla/5.0 (X11; Linux x86_64) AppleWebKit/537.36 (KHTML, like Gecko) HeadlessChrome/95.0.4638.69 Safari/537.36"
10.35.35.118 - - [19/Jan/2022:17:25:10 +0000] "POST /wp-admin/admin-ajax.php HTTP/1.1" 200 1168 "https://intranet.price.fox.org/wp-admin/edit.php" "Mozilla/5.0 (X11; Ubuntu; Linux x86_64; rv:86.0) Gecko/20100101 Firefox/86.0"
::1 - - [19/Jan/2022:17:25:13 +0000] "OPTIONS * HTTP/1.0" 200 110 "-" "Apache/2.4.29 (Ubuntu) OpenSSL/1.1.1 (internal dummy connection)"
::1 - - [19/Jan/2022:17:25:15 +0000] "OPTIONS * HTTP/1.0" 200 110 "-" "Apache/2.4.29 (Ubuntu) OpenSSL/1.1.1 (internal dummy connection)"
10.35.35.118 - - [19/Jan/2022:17:25:25 +0000] "POST /wp-admin/admin-ajax.php HTTP/1.1" 200 1168 "https://intranet.price.fox.org/wp-admin/edit.php" "Mozilla/5.0 (X11; Ubuntu; Linux x86_64; rv:86.0) Gecko/20100101 Firefox/86.0"
10.35.35.118 - - [19/Jan/2022:17:25:40 +0000] "POST /wp-admin/admin-ajax.php HTTP/1.1" 200 1168 "https://intranet.price.fox.org/wp-admin/edit.php" "Mozilla/5.0 (X11; Ubuntu; Linux x86_64; rv:86.0) Gecko/20100101 Firefox/86.0"
10.35.33.116 - - [19/Jan/2022:17:27:01 +0000] "GET /?p=5 HTTP/1.1" 200 44319 "-" "Mozilla/5.0 (X11; Linux x86_64) AppleWebKit/537.36 (KHTML, like Gecko) HeadlessChrome/95.0.4638.69 Safari/537.36"
10.35.33.116 - - [19/Jan/2022:17:27:01 +0000] "GET /wp-includes/css/dist/block-library/style.min.css?ver=5.8.3 HTTP/1.1" 200 11510 "https://intranet.price.fox.org/?p=5" "Mozilla/5.0 (X11; Linux x86_64) AppleWebKit/537.36 (KHTML, like Gecko) HeadlessChrome/95.0.4638.69 Safari/537.36"
10.35.33.116 - - [19/Jan/2022:17:27:01 +0000] "GET /wp-content/plugins/wpdiscuz/assets/third-party/font-awesome-5.13.0/css/fa.min.css?ver=7.0.4 HTTP/1.1" 200 2888 "https://intranet.price.fox.org/?p=5" "Mozilla/5.0 (X11; Linux x86_64) AppleWebKit/537.36 (KHTML, like Gecko) HeadlessChrome/95.0.4638.69 Safari/537.36"
10.35.33.116 - - [19/Jan/2022:17:27:01 +0000] "GET /wp-content/plugins/wpdiscuz/assets/css/wpdiscuz-combo.min.css?ver=5.8.3 HTTP/1.1" 200 6799 "https://intranet.price.fox.org/?p=5" "Mozilla/5.0 (X11; Linux x86_64) AppleWebKit/537.36 (KHTML, like Gecko) HeadlessChrome/95.0.4638.69 Safari/537.36"
10.35.33.116 - - [19/Jan/2022:17:27:01 +0000] "GET /wp-content/plugins/wpdiscuz/themes/default/style.css?ver=7.0.4 HTTP/1.1" 200 20302 "https://intranet.price.fox.org/?p=5" "Mozilla/5.0 (X11; Linux x86_64) AppleWebKit/537.36 (KHTML, like Gecko) HeadlessChrome/95.0.4638.69 Safari/537.36"
10.35.33.116 - - [19/Jan/2022:17:27:01 +0000] "GET /wp-content/themes/go/dist/css/design-styles/style-traditional.min.css?ver=1.5.1 HTTP/1.1" 200 1511 "https://intranet.price.fox.org/?p=5" "Mozilla/5.0 (X11; Linux x86_64) AppleWebKit/537.36 (KHTML, like Gecko) HeadlessChrome/95.0.4638.69 Safari/537.36"
10.35.33.116 - - [19/Jan/2022:17:27:01 +0000] "GET /wp-includes/js/jquery/jquery-migrate.min.js?ver=3.3.2 HTTP/1.1" 200 4570 "https://intranet.price.fox.org/?p=5" "Mozilla/5.0 (X11; Linux x86_64) AppleWebKit/537.36 (KHTML, like Gecko) HeadlessChrome/95.0.4638.69 Safari/537.36"
10.35.33.116 - - [19/Jan/2022:17:27:01 +0000] "GET /wp-content/themes/go/dist/css/style-shared.min.css?ver=1.5.1 HTTP/1.1" 200 23299 "https://intranet.price.fox.org/?p=5" "Mozilla/5.0 (X11; Linux x86_64) AppleWebKit/537.36 (KHTML, like Gecko) HeadlessChrome/95.0.4638.69 Safari/537.36"
10.35.33.116 - - [19/Jan/2022:17:27:01 +0000] "GET /wp-includes/js/wp-emoji-release.min.js?ver=5.8.3 HTTP/1.1" 200 5331 "https://intranet.price.fox.org/?p=5" "Mozilla/5.0 (X11; Linux x86_64) AppleWebKit/537.36 (KHTML, like Gecko) HeadlessChrome/95.0.4638.69 Safari/537.36"
10.35.33.116 - - [19/Jan/2022:17:27:01 +0000] "GET /wp-includes/js/jquery/jquery.min.js?ver=3.6.0 HTTP/1.1" 200 31377 "https://intranet.price.fox.org/?p=5" "Mozilla/5.0 (X11; Linux x86_64) AppleWebKit/537.36 (KHTML, like Gecko) HeadlessChrome/95.0.4638.69 Safari/537.36"
10.35.33.116 - - [19/Jan/2022:17:27:02 +0000] "GET /wp-content/plugins/wpdiscuz/themes/default/css/fonts/sqr721c-webfont.woff2 HTTP/1.1" 200 18908 "https://intranet.price.fox.org/wp-content/plugins/wpdiscuz/themes/default/style.css?ver=7.0.4" "Mozilla/5.0 (X11; Linux x86_64) AppleWebKit/537.36 (KHTML, like Gecko) HeadlessChrome/95.0.4638.69 Safari/537.36"
10.35.33.116 - - [19/Jan/2022:17:27:02 +0000] "GET /wp-content/plugins/wpdiscuz/assets/third-party/font-awesome-5.13.0/webfonts/fa-regular-400.woff2 HTTP/1.1" 200 13874 "https://intranet.price.fox.org/wp-content/plugins/wpdiscuz/assets/third-party/font-awesome-5.13.0/css/fa.min.css?ver=7.0.4" "Mozilla/5.0 (X11; Linux x86_64) AppleWebKit/537.36 (KHTML, like Gecko) HeadlessChrome/95.0.4638.69 Safari/537.36"
10.35.33.116 - - [19/Jan/2022:17:27:02 +0000] "GET /wp-content/plugins/wpdiscuz/assets/third-party/font-awesome-5.13.0/webfonts/fa-brands-400.woff2 HTTP/1.1" 200 76991 "https://intranet.price.fox.org/wp-content/plugins/wpdiscuz/assets/third-party/font-awesome-5.13.0/css/fa.min.css?ver=7.0.4" "Mozilla/5.0 (X11; Linux x86_64) AppleWebKit/537.36 (KHTML, like Gecko) HeadlessChrome/95.0.4638.69 Safari/537.36"
10.35.33.116 - - [19/Jan/2022:17:27:02 +0000] "GET /wp-content/plugins/wpdiscuz/assets/third-party/font-awesome-5.13.0/webfonts/fa-solid-900.woff2 HTTP/1.1" 200 79823 "https://intranet.price.fox.org/wp-content/plugins/wpdiscuz/assets/third-party/font-awesome-5.13.0/css/fa.min.css?ver=7.0.4" "Mozilla/5.0 (X11; Linux x86_64) AppleWebKit/537.36 (KHTML, like Gecko) HeadlessChrome/95.0.4638.69 Safari/537.36"
10.35.33.116 - - [19/Jan/2022:17:27:03 +0000] "GET /wp-includes/js/comment-reply.min.js?ver=5.8.3 HTTP/1.1" 200 1702 "https://intranet.price.fox.org/?p=5" "Mozilla/5.0 (X11; Linux x86_64) AppleWebKit/537.36 (KHTML, like Gecko) HeadlessChrome/95.0.4638.69 Safari/537.36"
10.35.33.116 - - [19/Jan/2022:17:27:03 +0000] "GET /wp-includes/js/wp-embed.min.js?ver=5.8.3 HTTP/1.1" 200 4117 "https://intranet.price.fox.org/?p=5" "Mozilla/5.0 (X11; Linux x86_64) AppleWebKit/537.36 (KHTML, like Gecko) HeadlessChrome/95.0.4638.69 Safari/537.36"
10.35.33.116 - - [19/Jan/2022:17:27:03 +0000] "GET /wp-content/themes/go/dist/js/frontend.min.js?ver=1.5.1 HTTP/1.1" 200 11687 "https://intranet.price.fox.org/?p=5" "Mozilla/5.0 (X11; Linux x86_64) AppleWebKit/537.36 (KHTML, like Gecko) HeadlessChrome/95.0.4638.69 Safari/537.36"
10.35.33.116 - - [19/Jan/2022:17:27:03 +0000] "GET /wp-content/plugins/wpdiscuz/assets/js/wpdiscuz-combo.min.js?ver=7.0.4 HTTP/1.1" 200 71266 "https://intranet.price.fox.org/?p=5" "Mozilla/5.0 (X11; Linux x86_64) AppleWebKit/537.36 (KHTML, like Gecko) HeadlessChrome/95.0.4638.69 Safari/537.36"
10.35.33.116 - - [19/Jan/2022:17:27:21 +0000] "-" 408 2996 "-" "-"
10.35.33.116 - - [19/Jan/2022:17:27:21 +0000] "-" 408 2996 "-" "-"
::1 - - [19/Jan/2022:17:27:24 +0000] "OPTIONS * HTTP/1.0" 200 110 "-" "Apache/2.4.29 (Ubuntu) OpenSSL/1.1.1 (internal dummy connection)"
10.35.33.116 - - [19/Jan/2022:17:29:27 +0000] "GET / HTTP/1.1" 200 6129 "-" "Mozilla/5.0 (X11; Linux x86_64) AppleWebKit/537.36 (KHTML, like Gecko) HeadlessChrome/95.0.4638.69 Safari/537.36"
10.35.35.206 - - [19/Jan/2022:17:29:27 +0000] "POST /wp-cron.php?doing_wp_cron=1642613367.8095059394836425781250 HTTP/1.1" 200 150 "-" "WordPress/5.8.3; https://intranet.price.fox.org"
10.35.33.116 - - [19/Jan/2022:18:01:36 +0000] "GET / HTTP/1.1" 200 6129 "-" "Mozilla/5.0 (X11; Linux x86_64) AppleWebKit/537.36 (KHTML, like Gecko) HeadlessChrome/95.0.4638.69 Safari/537.36"
10.35.33.116 - - [19/Jan/2022:18:01:37 +0000] "GET /wp-content/themes/go/dist/css/design-styles/style-traditional.min.css?ver=1.5.1 HTTP/1.1" 200 1490 "http://intranet.price.fox.org/" "Mozilla/5.0 (X11; Linux x86_64) AppleWebKit/537.36 (KHTML, like Gecko) HeadlessChrome/95.0.4638.69 Safari/537.36"
10.35.33.116 - - [19/Jan/2022:18:01:37 +0000] "GET /wp-includes/js/wp-embed.min.js?ver=5.8.3 HTTP/1.1" 200 1098 "http://intranet.price.fox.org/" "Mozilla/5.0 (X11; Linux x86_64) AppleWebKit/537.36 (KHTML, like Gecko) HeadlessChrome/95.0.4638.69 Safari/537.36"
10.35.33.116 - - [19/Jan/2022:18:01:37 +0000] "GET /wp-includes/js/jquery/jquery-migrate.min.js?ver=3.3.2 HTTP/1.1" 200 4505 "http://intranet.price.fox.org/" "Mozilla/5.0 (X11; Linux x86_64) AppleWebKit/537.36 (KHTML, like Gecko) HeadlessChrome/95.0.4638.69 Safari/537.36"
10.35.33.116 - - [19/Jan/2022:18:01:37 +0000] "GET /wp-content/themes/go/dist/js/frontend.min.js?ver=1.5.1 HTTP/1.1" 200 11600 "http://intranet.price.fox.org/" "Mozilla/5.0 (X11; Linux x86_64) AppleWebKit/537.36 (KHTML, like Gecko) HeadlessChrome/95.0.4638.69 Safari/537.36"
10.35.33.116 - - [19/Jan/2022:18:01:37 +0000] "GET /wp-includes/css/dist/block-library/style.min.css?ver=5.8.3 HTTP/1.1" 200 10846 "http://intranet.price.fox.org/" "Mozilla/5.0 (X11; Linux x86_64) AppleWebKit/537.36 (KHTML, like Gecko) HeadlessChrome/95.0.4638.69 Safari/537.36"
10.35.35.206 - - [19/Jan/2022:18:01:37 +0000] "POST /wp-cron.php?doing_wp_cron=1642615297.0379500389099121093750 HTTP/1.1" 200 150 "-" "WordPress/5.8.3; https://intranet.price.fox.org"
10.35.33.116 - - [19/Jan/2022:18:01:37 +0000] "GET /wp-content/themes/go/dist/css/style-shared.min.css?ver=1.5.1 HTTP/1.1" 200 23190 "http://intranet.price.fox.org/" "Mozilla/5.0 (X11; Linux x86_64) AppleWebKit/537.36 (KHTML, like Gecko) HeadlessChrome/95.0.4638.69 Safari/537.36"
10.35.33.116 - - [19/Jan/2022:18:01:37 +0000] "GET /wp-includes/js/jquery/jquery.min.js?ver=3.6.0 HTTP/1.1" 200 31246 "http://intranet.price.fox.org/" "Mozilla/5.0 (X11; Linux x86_64) AppleWebKit/537.36 (KHTML, like Gecko) HeadlessChrome/95.0.4638.69 Safari/537.36"
10.35.33.116 - - [19/Jan/2022:18:01:37 +0000] "GET /wp-includes/js/wp-emoji-release.min.js?ver=5.8.3 HTTP/1.1" 200 5265 "http://intranet.price.fox.org/" "Mozilla/5.0 (X11; Linux x86_64) AppleWebKit/537.36 (KHTML, like Gecko) HeadlessChrome/95.0.4638.69 Safari/537.36"
::1 - - [19/Jan/2022:18:01:44 +0000] "OPTIONS * HTTP/1.0" 200 110 "-" "Apache/2.4.29 (Ubuntu) OpenSSL/1.1.1 (internal dummy connection)"
172.17.130.196 - - [19/Jan/2022:18:09:27 +0000] "GET / HTTP/1.1" 200 6129 "-" "Mozilla/5.0 (X11; Ubuntu; Linux x86_64; rv:86.0) Gecko/20100101 Firefox/86.0"
172.17.130.196 - - [19/Jan/2022:18:09:27 +0000] "GET /wp-content/themes/go/dist/css/style-shared.min.css?ver=1.5.1 HTTP/1.1" 200 23189 "http://intranet.price.fox.org/" "Mozilla/5.0 (X11; Ubuntu; Linux x86_64; rv:86.0) Gecko/20100101 Firefox/86.0"
172.17.130.196 - - [19/Jan/2022:18:27:04 +0000] "GET /wp-admin/ HTTP/1.1" 302 361 "-" "Mozilla/5.0 (X11; Linux x86_64) AppleWebKit/537.36 (KHTML, like Gecko) HeadlessChrome/95.0.4638.69 Safari/537.36"
172.17.130.196 - - [19/Jan/2022:18:27:04 +0000] "GET /wp-admin/ HTTP/1.1" 200 19703 "-" "Mozilla/5.0 (X11; Linux x86_64) AppleWebKit/537.36 (KHTML, like Gecko) HeadlessChrome/95.0.4638.69 Safari/537.36"
172.17.130.196 - - [19/Jan/2022:18:27:04 +0000] "GET /wp-includes/js/thickbox/thickbox.css?ver=5.8.3 HTTP/1.1" 200 1856 "https://intranet.price.fox.org/wp-admin/" "Mozilla/5.0 (X11; Linux x86_64) AppleWebKit/537.36 (KHTML, like Gecko) HeadlessChrome/95.0.4638.69 Safari/537.36"
172.17.130.196 - - [19/Jan/2022:18:27:04 +0000] "GET /wp-includes/css/editor.min.css?ver=5.8.3 HTTP/1.1" 200 6854 "https://intranet.price.fox.org/wp-admin/" "Mozilla/5.0 (X11; Linux x86_64) AppleWebKit/537.36 (KHTML, like Gecko) HeadlessChrome/95.0.4638.69 Safari/537.36"
172.17.130.196 - - [19/Jan/2022:18:27:04 +0000] "GET /wp-admin/load-scripts.php?c=0&load%5Bchunk_0%5D=jquery-core,jquery-migrate,utils&ver=5.8.3 HTTP/1.1" 200 35995 "https://intranet.price.fox.org/wp-admin/" "Mozilla/5.0 (X11; Linux x86_64) AppleWebKit/537.36 (KHTML, like Gecko) HeadlessChrome/95.0.4638.69 Safari/537.36"
172.17.130.196 - - [19/Jan/2022:18:27:04 +0000] "GET /wp-admin/load-styles.php?c=0&dir=ltr&load%5Bchunk_0%5D=dashicons,admin-bar,common,forms,admin-menu,dashboard,list-tables,edit,revisions,media,themes,about,nav-menus,wp-pointer,widgets&load%5Bchunk_1%5D=,site-icon,l10n,buttons,wp-auth-check&ver=5.8.3 HTTP/1.1" 200 98689 "https://intranet.price.fox.org/wp-admin/" "Mozilla/5.0 (X11; Linux x86_64) AppleWebKit/537.36 (KHTML, like Gecko) HeadlessChrome/95.0.4638.69 Safari/537.36"
172.17.130.196 - - [19/Jan/2022:18:27:04 +0000] "GET /wp-includes/js/dist/i18n.min.js?ver=5f1269854226b4dd90450db411a12b79 HTTP/1.1" 200 4259 "https://intranet.price.fox.org/wp-admin/" "Mozilla/5.0 (X11; Linux x86_64) AppleWebKit/537.36 (KHTML, like Gecko) HeadlessChrome/95.0.4638.69 Safari/537.36"
172.17.130.196 - - [19/Jan/2022:18:27:04 +0000] "GET /wp-admin/load-scripts.php?c=0&load%5Bchunk_0%5D=hoverIntent,regenerator-runtime,wp-polyfill,wp-hooks&ver=5.8.3 HTTP/1.1" 200 10664 "https://intranet.price.fox.org/wp-admin/" "Mozilla/5.0 (X11; Linux x86_64) AppleWebKit/537.36 (KHTML, like Gecko) HeadlessChrome/95.0.4638.69 Safari/537.36"
172.17.130.196 - - [19/Jan/2022:18:27:04 +0000] "GET /wp-admin/js/common.min.js?ver=5.8.3 HTTP/1.1" 200 6921 "https://intranet.price.fox.org/wp-admin/" "Mozilla/5.0 (X11; Linux x86_64) AppleWebKit/537.36 (KHTML, like Gecko) HeadlessChrome/95.0.4638.69 Safari/537.36"
172.17.130.196 - - [19/Jan/2022:18:27:04 +0000] "GET /wp-includes/js/hoverintent-js.min.js?ver=2.2.1 HTTP/1.1" 200 1073 "https://intranet.price.fox.org/wp-admin/" "Mozilla/5.0 (X11; Linux x86_64) AppleWebKit/537.36 (KHTML, like Gecko) HeadlessChrome/95.0.4638.69 Safari/537.36"
172.17.130.196 - - [19/Jan/2022:18:27:04 +0000] "GET /wp-includes/js/admin-bar.min.js?ver=5.8.3 HTTP/1.1" 200 1747 "https://intranet.price.fox.org/wp-admin/" "Mozilla/5.0 (X11; Linux x86_64) AppleWebKit/537.36 (KHTML, like Gecko) HeadlessChrome/95.0.4638.69 Safari/537.36"
172.17.130.196 - - [19/Jan/2022:18:27:04 +0000] "GET /wp-includes/js/jquery/jquery.color.min.js?ver=2.1.2 HTTP/1.1" 200 4324 "https://intranet.price.fox.org/wp-admin/" "Mozilla/5.0 (X11; Linux x86_64) AppleWebKit/537.36 (KHTML, like Gecko) HeadlessChrome/95.0.4638.69 Safari/537.36"
172.17.130.196 - - [19/Jan/2022:18:27:04 +0000] "GET /wp-includes/js/wp-ajax-response.min.js?ver=5.8.3 HTTP/1.1" 200 1328 "https://intranet.price.fox.org/wp-admin/" "Mozilla/5.0 (X11; Linux x86_64) AppleWebKit/537.36 (KHTML, like Gecko) HeadlessChrome/95.0.4638.69 Safari/537.36"
172.17.130.196 - - [19/Jan/2022:18:27:04 +0000] "GET /wp-includes/js/wp-lists.min.js?ver=5.8.3 HTTP/1.1" 200 2929 "https://intranet.price.fox.org/wp-admin/" "Mozilla/5.0 (X11; Linux x86_64) AppleWebKit/537.36 (KHTML, like Gecko) HeadlessChrome/95.0.4638.69 Safari/537.36"
172.17.130.196 - - [19/Jan/2022:18:27:04 +0000] "GET /wp-includes/js/quicktags.min.js?ver=5.8.3 HTTP/1.1" 200 3910 "https://intranet.price.fox.org/wp-admin/" "Mozilla/5.0 (X11; Linux x86_64) AppleWebKit/537.36 (KHTML, like Gecko) HeadlessChrome/95.0.4638.69 Safari/537.36"
172.17.130.196 - - [19/Jan/2022:18:27:04 +0000] "GET /wp-includes/js/jquery/jquery.query.js?ver=2.1.7 HTTP/1.1" 200 2584 "https://intranet.price.fox.org/wp-admin/" "Mozilla/5.0 (X11; Linux x86_64) AppleWebKit/537.36 (KHTML, like Gecko) HeadlessChrome/95.0.4638.69 Safari/537.36"
172.17.130.196 - - [19/Jan/2022:18:27:04 +0000] "GET /wp-admin/js/edit-comments.min.js?ver=5.8.3 HTTP/1.1" 200 5488 "https://intranet.price.fox.org/wp-admin/" "Mozilla/5.0 (X11; Linux x86_64) AppleWebKit/537.36 (KHTML, like Gecko) HeadlessChrome/95.0.4638.69 Safari/537.36"
172.17.130.196 - - [19/Jan/2022:18:27:04 +0000] "GET /wp-includes/js/dist/dom-ready.min.js?ver=71883072590656bf22c74c7b887df3dd HTTP/1.1" 200 959 "https://intranet.price.fox.org/wp-admin/" "Mozilla/5.0 (X11; Linux x86_64) AppleWebKit/537.36 (KHTML, like Gecko) HeadlessChrome/95.0.4638.69 Safari/537.36"
172.17.130.196 - - [19/Jan/2022:18:27:04 +0000] "GET /wp-includes/js/jquery/ui/sortable.min.js?ver=1.12.1 HTTP/1.1" 200 6839 "https://intranet.price.fox.org/wp-admin/" "Mozilla/5.0 (X11; Linux x86_64) AppleWebKit/537.36 (KHTML, like Gecko) HeadlessChrome/95.0.4638.69 Safari/537.36"
172.17.130.196 - - [19/Jan/2022:18:27:04 +0000] "GET /wp-includes/js/dist/a11y.min.js?ver=0ac8327cc1c40dcfdf29716affd7ac63 HTTP/1.1" 200 2088 "https://intranet.price.fox.org/wp-admin/" "Mozilla/5.0 (X11; Linux x86_64) AppleWebKit/537.36 (KHTML, like Gecko) HeadlessChrome/95.0.4638.69 Safari/537.36"
172.17.130.196 - - [19/Jan/2022:18:27:04 +0000] "GET /wp-includes/js/jquery/ui/mouse.min.js?ver=1.12.1 HTTP/1.1" 200 1426 "https://intranet.price.fox.org/wp-admin/" "Mozilla/5.0 (X11; Linux x86_64) AppleWebKit/537.36 (KHTML, like Gecko) HeadlessChrome/95.0.4638.69 Safari/537.36"
172.17.130.196 - - [19/Jan/2022:18:27:04 +0000] "GET /wp-includes/js/jquery/ui/core.min.js?ver=1.12.1 HTTP/1.1" 200 7266 "https://intranet.price.fox.org/wp-admin/" "Mozilla/5.0 (X11; Linux x86_64) AppleWebKit/537.36 (KHTML, like Gecko) HeadlessChrome/95.0.4638.69 Safari/537.36"
172.17.130.196 - - [19/Jan/2022:18:27:04 +0000] "GET /wp-admin/js/postbox.min.js?ver=5.8.3 HTTP/1.1" 200 2626 "https://intranet.price.fox.org/wp-admin/" "Mozilla/5.0 (X11; Linux x86_64) AppleWebKit/537.36 (KHTML, like Gecko) HeadlessChrome/95.0.4638.69 Safari/537.36"
172.17.130.196 - - [19/Jan/2022:18:27:04 +0000] "GET /wp-includes/js/wp-util.min.js?ver=5.8.3 HTTP/1.1" 200 1060 "https://intranet.price.fox.org/wp-admin/" "Mozilla/5.0 (X11; Linux x86_64) AppleWebKit/537.36 (KHTML, like Gecko) HeadlessChrome/95.0.4638.69 Safari/537.36"
172.17.130.196 - - [19/Jan/2022:18:27:04 +0000] "GET /wp-admin/js/dashboard.min.js?ver=5.8.3 HTTP/1.1" 200 3463 "https://intranet.price.fox.org/wp-admin/" "Mozilla/5.0 (X11; Linux x86_64) AppleWebKit/537.36 (KHTML, like Gecko) HeadlessChrome/95.0.4638.69 Safari/537.36"
172.17.130.196 - - [19/Jan/2022:18:27:04 +0000] "GET /wp-includes/js/underscore.min.js?ver=1.13.1 HTTP/1.1" 200 7720 "https://intranet.price.fox.org/wp-admin/" "Mozilla/5.0 (X11; Linux x86_64) AppleWebKit/537.36 (KHTML, like Gecko) HeadlessChrome/95.0.4638.69 Safari/537.36"
172.17.130.196 - - [19/Jan/2022:18:27:04 +0000] "GET /wp-includes/js/dist/vendor/moment.min.js?ver=2.29.1 HTTP/1.1" 200 18941 "https://intranet.price.fox.org/wp-admin/" "Mozilla/5.0 (X11; Linux x86_64) AppleWebKit/537.36 (KHTML, like Gecko) HeadlessChrome/95.0.4638.69 Safari/537.36"
172.17.130.196 - - [19/Jan/2022:18:27:04 +0000] "GET /wp-includes/js/dist/date.min.js?ver=061439ac4325ef057b8f9c142c82a823 HTTP/1.1" 200 33523 "https://intranet.price.fox.org/wp-admin/" "Mozilla/5.0 (X11; Linux x86_64) AppleWebKit/537.36 (KHTML, like Gecko) HeadlessChrome/95.0.4638.69 Safari/537.36"
172.17.130.196 - - [19/Jan/2022:18:27:04 +0000] "GET /wp-includes/js/thickbox/thickbox.js?ver=3.1-20121105 HTTP/1.1" 200 4402 "https://intranet.price.fox.org/wp-admin/" "Mozilla/5.0 (X11; Linux x86_64) AppleWebKit/537.36 (KHTML, like Gecko) HeadlessChrome/95.0.4638.69 Safari/537.36"
172.17.130.196 - - [19/Jan/2022:18:27:04 +0000] "GET /wp-admin/js/media-upload.min.js?ver=5.8.3 HTTP/1.1" 200 967 "https://intranet.price.fox.org/wp-admin/" "Mozilla/5.0 (X11; Linux x86_64) AppleWebKit/537.36 (KHTML, like Gecko) HeadlessChrome/95.0.4638.69 Safari/537.36"
172.17.130.196 - - [19/Jan/2022:18:27:04 +0000] "GET /wp-admin/js/svg-painter.js?ver=5.8.3 HTTP/1.1" 200 2526 "https://intranet.price.fox.org/wp-admin/" "Mozilla/5.0 (X11; Linux x86_64) AppleWebKit/537.36 (KHTML, like Gecko) HeadlessChrome/95.0.4638.69 Safari/537.36"
172.17.130.196 - - [19/Jan/2022:18:27:04 +0000] "GET /wp-includes/js/shortcode.min.js?ver=5.8.3 HTTP/1.1" 200 1497 "https://intranet.price.fox.org/wp-admin/" "Mozilla/5.0 (X11; Linux x86_64) AppleWebKit/537.36 (KHTML, like Gecko) HeadlessChrome/95.0.4638.69 Safari/537.36"
172.17.130.196 - - [19/Jan/2022:18:27:04 +0000] "GET /wp-includes/js/heartbeat.min.js?ver=5.8.3 HTTP/1.1" 200 2419 "https://intranet.price.fox.org/wp-admin/" "Mozilla/5.0 (X11; Linux x86_64) AppleWebKit/537.36 (KHTML, like Gecko) HeadlessChrome/95.0.4638.69 Safari/537.36"
172.17.130.196 - - [19/Jan/2022:18:27:04 +0000] "GET /wp-includes/js/wp-auth-check.min.js?ver=5.8.3 HTTP/1.1" 200 1128 "https://intranet.price.fox.org/wp-admin/" "Mozilla/5.0 (X11; Linux x86_64) AppleWebKit/537.36 (KHTML, like Gecko) HeadlessChrome/95.0.4638.69 Safari/537.36"
172.17.130.196 - - [19/Jan/2022:18:27:04 +0000] "GET /wp-content/plugins/wpdiscuz/assets/js/wpdiscuz-notes.js?ver=7.0.4 HTTP/1.1" 200 561 "https://intranet.price.fox.org/wp-admin/" "Mozilla/5.0 (X11; Linux x86_64) AppleWebKit/537.36 (KHTML, like Gecko) HeadlessChrome/95.0.4638.69 Safari/537.36"
172.17.130.196 - - [19/Jan/2022:18:27:04 +0000] "GET /wp-includes/js/wplink.min.js?ver=5.8.3 HTTP/1.1" 200 4286 "https://intranet.price.fox.org/wp-admin/" "Mozilla/5.0 (X11; Linux x86_64) AppleWebKit/537.36 (KHTML, like Gecko) HeadlessChrome/95.0.4638.69 Safari/537.36"
172.17.130.196 - - [19/Jan/2022:18:27:04 +0000] "GET /wp-includes/js/jquery/ui/autocomplete.min.js?ver=1.12.1 HTTP/1.1" 200 3276 "https://intranet.price.fox.org/wp-admin/" "Mozilla/5.0 (X11; Linux x86_64) AppleWebKit/537.36 (KHTML, like Gecko) HeadlessChrome/95.0.4638.69 Safari/537.36"
172.17.130.196 - - [19/Jan/2022:18:27:04 +0000] "GET /wp-includes/js/jquery/ui/menu.min.js?ver=1.12.1 HTTP/1.1" 200 3261 "https://intranet.price.fox.org/wp-admin/" "Mozilla/5.0 (X11; Linux x86_64) AppleWebKit/537.36 (KHTML, like Gecko) HeadlessChrome/95.0.4638.69 Safari/537.36"
172.17.130.196 - - [19/Jan/2022:18:27:04 +0000] "GET /wp-content/plugins/wpdiscuz/assets/img/dashboard/inline-feedback-closed.png HTTP/1.1" 200 11624 "https://intranet.price.fox.org/wp-admin/" "Mozilla/5.0 (X11; Linux x86_64) AppleWebKit/537.36 (KHTML, like Gecko) HeadlessChrome/95.0.4638.69 Safari/537.36"
172.17.130.196 - - [19/Jan/2022:18:27:04 +0000] "GET /wp-includes/js/wp-emoji-release.min.js?ver=5.8.3 HTTP/1.1" 200 5331 "https://intranet.price.fox.org/wp-admin/" "Mozilla/5.0 (X11; Linux x86_64) AppleWebKit/537.36 (KHTML, like Gecko) HeadlessChrome/95.0.4638.69 Safari/537.36"
172.17.130.196 - - [19/Jan/2022:18:27:04 +0000] "GET /wp-content/plugins/wpdiscuz/assets/img/dashboard/inline-feedback-opened.png HTTP/1.1" 200 8206 "https://intranet.price.fox.org/wp-admin/" "Mozilla/5.0 (X11; Linux x86_64) AppleWebKit/537.36 (KHTML, like Gecko) HeadlessChrome/95.0.4638.69 Safari/537.36"
172.17.130.196 - - [19/Jan/2022:18:27:05 +0000] "GET /wp-admin/admin-ajax.php?action=wp-compression-test&test=1&_ajax_nonce=47e659ba03&1642616825263 HTTP/1.1" 200 438 "https://intranet.price.fox.org/wp-admin/" "Mozilla/5.0 (X11; Linux x86_64) AppleWebKit/537.36 (KHTML, like Gecko) HeadlessChrome/95.0.4638.69 Safari/537.36"
172.17.130.196 - - [19/Jan/2022:18:27:05 +0000] "GET /wp-includes/js/thickbox/loadingAnimation.gif HTTP/1.1" 200 15553 "https://intranet.price.fox.org/wp-admin/" "Mozilla/5.0 (X11; Linux x86_64) AppleWebKit/537.36 (KHTML, like Gecko) HeadlessChrome/95.0.4638.69 Safari/537.36"
172.17.130.196 - - [19/Jan/2022:18:27:05 +0000] "GET /wp-admin/admin-ajax.php?action=wp-compression-test&test=2&_ajax_nonce=47e659ba03&1642616825482 HTTP/1.1" 200 438 "https://intranet.price.fox.org/wp-admin/" "Mozilla/5.0 (X11; Linux x86_64) AppleWebKit/537.36 (KHTML, like Gecko) HeadlessChrome/95.0.4638.69 Safari/537.36"
172.17.130.196 - - [19/Jan/2022:18:27:05 +0000] "GET /wp-admin/admin-ajax.php?action=wp-compression-test&test=no&_ajax_nonce=47e659ba03&1642616825528 HTTP/1.1" 200 438 "https://intranet.price.fox.org/wp-admin/" "Mozilla/5.0 (X11; Linux x86_64) AppleWebKit/537.36 (KHTML, like Gecko) HeadlessChrome/95.0.4638.69 Safari/537.36"
::1 - - [19/Jan/2022:18:27:12 +0000] "OPTIONS * HTTP/1.0" 200 110 "-" "Apache/2.4.29 (Ubuntu) OpenSSL/1.1.1 (internal dummy connection)"
::1 - - [19/Jan/2022:18:27:13 +0000] "OPTIONS * HTTP/1.0" 200 110 "-" "Apache/2.4.29 (Ubuntu) OpenSSL/1.1.1 (internal dummy connection)"
::1 - - [19/Jan/2022:18:27:14 +0000] "OPTIONS * HTTP/1.0" 200 110 "-" "Apache/2.4.29 (Ubuntu) OpenSSL/1.1.1 (internal dummy connection)"
172.17.130.196 - - [19/Jan/2022:18:28:05 +0000] "POST /wp-admin/admin-ajax.php HTTP/1.1" 200 1168 "https://intranet.price.fox.org/wp-admin/" "Mozilla/5.0 (X11; Linux x86_64) AppleWebKit/537.36 (KHTML, like Gecko) HeadlessChrome/95.0.4638.69 Safari/537.36"
172.17.130.196 - - [19/Jan/2022:18:29:05 +0000] "POST /wp-admin/admin-ajax.php HTTP/1.1" 200 1168 "https://intranet.price.fox.org/wp-admin/" "Mozilla/5.0 (X11; Linux x86_64) AppleWebKit/537.36 (KHTML, like Gecko) HeadlessChrome/95.0.4638.69 Safari/537.36"
172.17.130.196 - - [19/Jan/2022:18:29:29 +0000] "GET /wp-admin/edit-comments.php HTTP/1.1" 200 22284 "-" "Mozilla/5.0 (X11; Linux x86_64) AppleWebKit/537.36 (KHTML, like Gecko) HeadlessChrome/95.0.4638.69 Safari/537.36"
172.17.130.196 - - [19/Jan/2022:18:29:30 +0000] "GET /wp-content/plugins/wpdiscuz/assets/third-party/colorpicker/css/index.css?ver=7.0.4 HTTP/1.1" 200 1055 "https://intranet.price.fox.org/wp-admin/edit-comments.php" "Mozilla/5.0 (X11; Linux x86_64) AppleWebKit/537.36 (KHTML, like Gecko) HeadlessChrome/95.0.4638.69 Safari/537.36"
172.17.130.196 - - [19/Jan/2022:18:29:29 +0000] "GET /wp-content/plugins/wpdiscuz/assets/third-party/colorbox/colorbox.css?ver=5.8.3 HTTP/1.1" 200 2380 "https://intranet.price.fox.org/wp-admin/edit-comments.php" "Mozilla/5.0 (X11; Linux x86_64) AppleWebKit/537.36 (KHTML, like Gecko) HeadlessChrome/95.0.4638.69 Safari/537.36"
172.17.130.196 - - [19/Jan/2022:18:29:29 +0000] "GET /wp-includes/js/thickbox/thickbox.css?ver=5.8.3 HTTP/1.1" 200 1856 "https://intranet.price.fox.org/wp-admin/edit-comments.php" "Mozilla/5.0 (X11; Linux x86_64) AppleWebKit/537.36 (KHTML, like Gecko) HeadlessChrome/95.0.4638.69 Safari/537.36"
172.17.130.196 - - [19/Jan/2022:18:29:30 +0000] "GET /wp-content/plugins/wpdiscuz/assets/css/wpdiscuz-mu-backend.css?ver=5.8.3 HTTP/1.1" 200 1653 "https://intranet.price.fox.org/wp-admin/edit-comments.php" "Mozilla/5.0 (X11; Linux x86_64) AppleWebKit/537.36 (KHTML, like Gecko) HeadlessChrome/95.0.4638.69 Safari/537.36"
172.17.130.196 - - [19/Jan/2022:18:29:30 +0000] "GET /wp-content/plugins/wpdiscuz/assets/third-party/font-awesome-5.13.0/css/fontawesome-all.min.css?ver=7.0.4 HTTP/1.1" 200 15948 "https://intranet.price.fox.org/wp-admin/edit-comments.php" "Mozilla/5.0 (X11; Linux x86_64) AppleWebKit/537.36 (KHTML, like Gecko) HeadlessChrome/95.0.4638.69 Safari/537.36"
172.17.130.196 - - [19/Jan/2022:18:29:29 +0000] "GET /wp-admin/load-styles.php?c=0&dir=ltr&load%5Bchunk_0%5D=dashicons,admin-bar,common,forms,admin-menu,dashboard,list-tables,edit,revisions,media,themes,about,nav-menus,wp-pointer,widgets&load%5Bchunk_1%5D=,site-icon,l10n,buttons,wp-auth-check&ver=5.8.3 HTTP/1.1" 200 98689 "https://intranet.price.fox.org/wp-admin/edit-comments.php" "Mozilla/5.0 (X11; Linux x86_64) AppleWebKit/537.36 (KHTML, like Gecko) HeadlessChrome/95.0.4638.69 Safari/537.36"
172.17.130.196 - - [19/Jan/2022:18:29:30 +0000] "GET /wp-content/plugins/wpdiscuz/assets/third-party/colorpicker/css/compatibility.css?ver=7.0.4 HTTP/1.1" 200 1586 "https://intranet.price.fox.org/wp-admin/edit-comments.php" "Mozilla/5.0 (X11; Linux x86_64) AppleWebKit/537.36 (KHTML, like Gecko) HeadlessChrome/95.0.4638.69 Safari/537.36"
172.17.130.196 - - [19/Jan/2022:18:29:30 +0000] "GET /wp-content/plugins/wpdiscuz/assets/third-party/colorbox/jquery.colorbox.min.js?ver=5.8.3 HTTP/1.1" 200 5120 "https://intranet.price.fox.org/wp-admin/edit-comments.php" "Mozilla/5.0 (X11; Linux x86_64) AppleWebKit/537.36 (KHTML, like Gecko) HeadlessChrome/95.0.4638.69 Safari/537.36"
172.17.130.196 - - [19/Jan/2022:18:29:30 +0000] "GET /wp-content/plugins/wpdiscuz/assets/third-party/colorpicker/js/colors.js?ver=7.0.4 HTTP/1.1" 200 4294 "https://intranet.price.fox.org/wp-admin/edit-comments.php" "Mozilla/5.0 (X11; Linux x86_64) AppleWebKit/537.36 (KHTML, like Gecko) HeadlessChrome/95.0.4638.69 Safari/537.36"
172.17.130.196 - - [19/Jan/2022:18:29:30 +0000] "GET /wp-includes/css/editor.min.css?ver=5.8.3 HTTP/1.1" 200 6278 "https://intranet.price.fox.org/wp-admin/edit-comments.php" "Mozilla/5.0 (X11; Linux x86_64) AppleWebKit/537.36 (KHTML, like Gecko) HeadlessChrome/95.0.4638.69 Safari/537.36"
172.17.130.196 - - [19/Jan/2022:18:29:30 +0000] "GET /wp-content/plugins/wpdiscuz/assets/css/wpdiscuz-options.css?ver=7.0.4 HTTP/1.1" 200 8320 "https://intranet.price.fox.org/wp-admin/edit-comments.php" "Mozilla/5.0 (X11; Linux x86_64) AppleWebKit/537.36 (KHTML, like Gecko) HeadlessChrome/95.0.4638.69 Safari/537.36"
172.17.130.196 - - [19/Jan/2022:18:29:30 +0000] "GET /wp-content/plugins/wpdiscuz/assets/third-party/colorpicker/js/jqColorPicker.min.js?ver=7.0.4 HTTP/1.1" 200 3026 "https://intranet.price.fox.org/wp-admin/edit-comments.php" "Mozilla/5.0 (X11; Linux x86_64) AppleWebKit/537.36 (KHTML, like Gecko) HeadlessChrome/95.0.4638.69 Safari/537.36"
172.17.130.196 - - [19/Jan/2022:18:29:30 +0000] "GET /wp-content/plugins/wpdiscuz/assets/js/wpdiscuz-options.js?ver=7.0.4 HTTP/1.1" 200 6024 "https://intranet.price.fox.org/wp-admin/edit-comments.php" "Mozilla/5.0 (X11; Linux x86_64) AppleWebKit/537.36 (KHTML, like Gecko) HeadlessChrome/95.0.4638.69 Safari/537.36"
172.17.130.196 - - [19/Jan/2022:18:29:30 +0000] "GET /wp-content/plugins/wpdiscuz/assets/third-party/colorpicker/js/index.js?ver=7.0.4 HTTP/1.1" 200 5562 "https://intranet.price.fox.org/wp-admin/edit-comments.php" "Mozilla/5.0 (X11; Linux x86_64) AppleWebKit/537.36 (KHTML, like Gecko) HeadlessChrome/95.0.4638.69 Safari/537.36"
172.17.130.196 - - [19/Jan/2022:18:29:30 +0000] "GET /wp-content/plugins/wpdiscuz/assets/js/wpdiscuz-mu-backend.js?ver=7.0.4 HTTP/1.1" 200 1149 "https://intranet.price.fox.org/wp-admin/edit-comments.php" "Mozilla/5.0 (X11; Linux x86_64) AppleWebKit/537.36 (KHTML, like Gecko) HeadlessChrome/95.0.4638.69 Safari/537.36"
172.17.130.196 - - [19/Jan/2022:18:29:30 +0000] "GET /wp-content/plugins/wpdiscuz/assets/third-party/contenthover/jquery.contenthover.min.js?ver=7.0.4 HTTP/1.1" 200 1555 "https://intranet.price.fox.org/wp-admin/edit-comments.php" "Mozilla/5.0 (X11; Linux x86_64) AppleWebKit/537.36 (KHTML, like Gecko) HeadlessChrome/95.0.4638.69 Safari/537.36"
172.17.130.196 - - [19/Jan/2022:18:29:30 +0000] "GET /wp-includes/js/wp-emoji-release.min.js?ver=5.8.3 HTTP/1.1" 200 5331 "https://intranet.price.fox.org/wp-admin/edit-comments.php" "Mozilla/5.0 (X11; Linux x86_64) AppleWebKit/537.36 (KHTML, like Gecko) HeadlessChrome/95.0.4638.69 Safari/537.36"
172.17.130.196 - - [19/Jan/2022:18:29:30 +0000] "GET /wp-content/plugins/wpdiscuz/assets/third-party/font-awesome-5.13.0/webfonts/fa-solid-900.woff2 HTTP/1.1" 200 79823 "https://intranet.price.fox.org/wp-content/plugins/wpdiscuz/assets/third-party/font-awesome-5.13.0/css/fontawesome-all.min.css?ver=7.0.4" "Mozilla/5.0 (X11; Linux x86_64) AppleWebKit/537.36 (KHTML, like Gecko) HeadlessChrome/95.0.4638.69 Safari/537.36"
172.17.130.196 - - [19/Jan/2022:18:29:30 +0000] "GET /wp-admin/admin-ajax.php?action=wp-compression-test&test=1&_ajax_nonce=47e659ba03&1642616970653 HTTP/1.1" 200 438 "https://intranet.price.fox.org/wp-admin/edit-comments.php" "Mozilla/5.0 (X11; Linux x86_64) AppleWebKit/537.36 (KHTML, like Gecko) HeadlessChrome/95.0.4638.69 Safari/537.36"
172.17.130.196 - - [19/Jan/2022:18:29:30 +0000] "GET /wp-admin/admin-ajax.php?action=wp-compression-test&test=2&_ajax_nonce=47e659ba03&1642616970882 HTTP/1.1" 200 438 "https://intranet.price.fox.org/wp-admin/edit-comments.php" "Mozilla/5.0 (X11; Linux x86_64) AppleWebKit/537.36 (KHTML, like Gecko) HeadlessChrome/95.0.4638.69 Safari/537.36"
172.17.130.196 - - [19/Jan/2022:18:29:30 +0000] "GET /wp-admin/admin-ajax.php?action=wp-compression-test&test=no&_ajax_nonce=47e659ba03&1642616970941 HTTP/1.1" 200 438 "https://intranet.price.fox.org/wp-admin/edit-comments.php" "Mozilla/5.0 (X11; Linux x86_64) AppleWebKit/537.36 (KHTML, like Gecko) HeadlessChrome/95.0.4638.69 Safari/537.36"
::1 - - [19/Jan/2022:18:29:38 +0000] "OPTIONS * HTTP/1.0" 200 110 "-" "Apache/2.4.29 (Ubuntu) OpenSSL/1.1.1 (internal dummy connection)"
172.17.130.196 - - [19/Jan/2022:18:30:30 +0000] "POST /wp-admin/admin-ajax.php HTTP/1.1" 200 1168 "https://intranet.price.fox.org/wp-admin/edit-comments.php" "Mozilla/5.0 (X11; Linux x86_64) AppleWebKit/537.36 (KHTML, like Gecko) HeadlessChrome/95.0.4638.69 Safari/537.36"
172.17.130.196 - - [19/Jan/2022:18:31:30 +0000] "POST /wp-admin/admin-ajax.php HTTP/1.1" 200 1168 "https://intranet.price.fox.org/wp-admin/edit-comments.php" "Mozilla/5.0 (X11; Linux x86_64) AppleWebKit/537.36 (KHTML, like Gecko) HeadlessChrome/95.0.4638.69 Safari/537.36"
172.17.130.196 - - [19/Jan/2022:18:32:17 +0000] "GET /wp-admin/images/spinner.gif HTTP/1.1" 200 4545 "https://intranet.price.fox.org/wp-admin/load-styles.php?c=0&dir=ltr&load%5Bchunk_0%5D=dashicons,admin-bar,common,forms,admin-menu,dashboard,list-tables,edit,revisions,media,themes,about,nav-menus,wp-pointer,widgets&load%5Bchunk_1%5D=,site-icon,l10n,buttons,wp-auth-check&ver=5.8.3" "Mozilla/5.0 (X11; Linux x86_64) AppleWebKit/537.36 (KHTML, like Gecko) HeadlessChrome/95.0.4638.69 Safari/537.36"
172.17.130.196 - - [19/Jan/2022:18:32:17 +0000] "GET /wp-includes/css/editor.min.css?ver=5.8.3 HTTP/1.1" 200 6854 "https://intranet.price.fox.org/wp-admin/edit-comments.php" "Mozilla/5.0 (X11; Linux x86_64) AppleWebKit/537.36 (KHTML, like Gecko) HeadlessChrome/95.0.4638.69 Safari/537.36"
172.17.130.196 - - [19/Jan/2022:18:32:30 +0000] "POST /wp-admin/admin-ajax.php HTTP/1.1" 200 1168 "https://intranet.price.fox.org/wp-admin/edit-comments.php" "Mozilla/5.0 (X11; Linux x86_64) AppleWebKit/537.36 (KHTML, like Gecko) HeadlessChrome/95.0.4638.69 Safari/537.36"
172.17.130.196 - - [19/Jan/2022:18:32:38 +0000] "POST /wp-admin/admin-ajax.php HTTP/1.1" 200 2909 "https://intranet.price.fox.org/wp-admin/edit-comments.php" "Mozilla/5.0 (X11; Linux x86_64) AppleWebKit/537.36 (KHTML, like Gecko) HeadlessChrome/95.0.4638.69 Safari/537.36"
172.17.130.196 - - [19/Jan/2022:18:32:39 +0000] "GET /wp-includes/css/editor.min.css?ver=5.8.3 HTTP/1.1" 200 6278 "https://intranet.price.fox.org/wp-admin/edit-comments.php" "Mozilla/5.0 (X11; Linux x86_64) AppleWebKit/537.36 (KHTML, like Gecko) HeadlessChrome/95.0.4638.69 Safari/537.36"
10.35.33.144 - - [19/Jan/2022:18:53:58 +0000] "GET / HTTP/1.1" 200 6128 "-" "Mozilla/5.0 (X11; Linux x86_64) AppleWebKit/537.36 (KHTML, like Gecko) HeadlessChrome/95.0.4638.69 Safari/537.36"
10.35.35.206 - - [19/Jan/2022:18:53:58 +0000] "POST /wp-cron.php?doing_wp_cron=1642618438.6336870193481445312500 HTTP/1.1" 200 150 "-" "WordPress/5.8.3; https://intranet.price.fox.org"
10.35.33.116 - - [19/Jan/2022:20:02:15 +0000] "GET / HTTP/1.1" 200 6128 "-" "Mozilla/5.0 (X11; Linux x86_64) AppleWebKit/537.36 (KHTML, like Gecko) HeadlessChrome/95.0.4638.69 Safari/537.36"
10.35.35.206 - - [19/Jan/2022:20:02:15 +0000] "POST /wp-cron.php?doing_wp_cron=1642622535.3994829654693603515625 HTTP/1.1" 200 150 "-" "WordPress/5.8.3; https://intranet.price.fox.org"
10.35.33.116 - - [19/Jan/2022:20:03:06 +0000] "-" 408 0 "-" "-"
10.35.33.116 - - [19/Jan/2022:20:32:45 +0000] "GET / HTTP/1.1" 200 6128 "-" "Mozilla/5.0 (X11; Linux x86_64) AppleWebKit/537.36 (KHTML, like Gecko) HeadlessChrome/95.0.4638.69 Safari/537.36"
10.35.33.116 - - [19/Jan/2022:20:32:45 +0000] "GET /wp-includes/css/dist/block-library/style.min.css?ver=5.8.3 HTTP/1.1" 200 10846 "http://intranet.price.fox.org/" "Mozilla/5.0 (X11; Linux x86_64) AppleWebKit/537.36 (KHTML, like Gecko) HeadlessChrome/95.0.4638.69 Safari/537.36"
10.35.33.116 - - [19/Jan/2022:20:32:45 +0000] "GET /wp-content/themes/go/dist/css/design-styles/style-traditional.min.css?ver=1.5.1 HTTP/1.1" 200 1490 "http://intranet.price.fox.org/" "Mozilla/5.0 (X11; Linux x86_64) AppleWebKit/537.36 (KHTML, like Gecko) HeadlessChrome/95.0.4638.69 Safari/537.36"
10.35.33.116 - - [19/Jan/2022:20:32:45 +0000] "GET /wp-includes/js/jquery/jquery-migrate.min.js?ver=3.3.2 HTTP/1.1" 200 4505 "http://intranet.price.fox.org/" "Mozilla/5.0 (X11; Linux x86_64) AppleWebKit/537.36 (KHTML, like Gecko) HeadlessChrome/95.0.4638.69 Safari/537.36"
10.35.33.116 - - [19/Jan/2022:20:32:45 +0000] "GET /wp-content/themes/go/dist/js/frontend.min.js?ver=1.5.1 HTTP/1.1" 200 11599 "http://intranet.price.fox.org/" "Mozilla/5.0 (X11; Linux x86_64) AppleWebKit/537.36 (KHTML, like Gecko) HeadlessChrome/95.0.4638.69 Safari/537.36"
10.35.33.116 - - [19/Jan/2022:20:32:45 +0000] "GET /wp-content/themes/go/dist/css/style-shared.min.css?ver=1.5.1 HTTP/1.1" 200 23190 "http://intranet.price.fox.org/" "Mozilla/5.0 (X11; Linux x86_64) AppleWebKit/537.36 (KHTML, like Gecko) HeadlessChrome/95.0.4638.69 Safari/537.36"
10.35.33.116 - - [19/Jan/2022:20:32:45 +0000] "GET /wp-includes/js/jquery/jquery.min.js?ver=3.6.0 HTTP/1.1" 200 31245 "http://intranet.price.fox.org/" "Mozilla/5.0 (X11; Linux x86_64) AppleWebKit/537.36 (KHTML, like Gecko) HeadlessChrome/95.0.4638.69 Safari/537.36"
10.35.33.116 - - [19/Jan/2022:20:32:45 +0000] "GET /wp-includes/js/wp-embed.min.js?ver=5.8.3 HTTP/1.1" 200 1099 "http://intranet.price.fox.org/" "Mozilla/5.0 (X11; Linux x86_64) AppleWebKit/537.36 (KHTML, like Gecko) HeadlessChrome/95.0.4638.69 Safari/537.36"
10.35.33.116 - - [19/Jan/2022:20:32:45 +0000] "GET /wp-includes/js/wp-emoji-release.min.js?ver=5.8.3 HTTP/1.1" 200 5265 "http://intranet.price.fox.org/" "Mozilla/5.0 (X11; Linux x86_64) AppleWebKit/537.36 (KHTML, like Gecko) HeadlessChrome/95.0.4638.69 Safari/537.36"
172.17.130.196 - - [19/Jan/2022:21:21:45 +0000] "GET /wp-admin/ HTTP/1.1" 302 361 "-" "Mozilla/5.0 (X11; Linux x86_64) AppleWebKit/537.36 (KHTML, like Gecko) HeadlessChrome/95.0.4638.69 Safari/537.36"
10.35.35.206 - - [19/Jan/2022:21:21:45 +0000] "POST /wp-cron.php?doing_wp_cron=1642627305.6571350097656250000000 HTTP/1.1" 200 150 "-" "WordPress/5.8.3; https://intranet.price.fox.org"
172.17.130.196 - - [19/Jan/2022:21:21:45 +0000] "GET /wp-admin/ HTTP/1.1" 302 3454 "-" "Mozilla/5.0 (X11; Linux x86_64) AppleWebKit/537.36 (KHTML, like Gecko) HeadlessChrome/95.0.4638.69 Safari/537.36"
172.17.130.196 - - [19/Jan/2022:21:21:45 +0000] "GET /wp-login.php?redirect_to=https%3A%2F%2Fintranet.price.fox.org%2Fwp-admin%2F&reauth=1 HTTP/1.1" 200 4612 "-" "Mozilla/5.0 (X11; Linux x86_64) AppleWebKit/537.36 (KHTML, like Gecko) HeadlessChrome/95.0.4638.69 Safari/537.36"
172.17.130.196 - - [19/Jan/2022:21:21:45 +0000] "GET /wp-includes/css/dashicons.min.css?ver=5.8.3 HTTP/1.1" 200 36206 "https://intranet.price.fox.org/wp-login.php?redirect_to=https%3A%2F%2Fintranet.price.fox.org%2Fwp-admin%2F&reauth=1" "Mozilla/5.0 (X11; Linux x86_64) AppleWebKit/537.36 (KHTML, like Gecko) HeadlessChrome/95.0.4638.69 Safari/537.36"
172.17.130.196 - - [19/Jan/2022:21:21:45 +0000] "GET /wp-includes/css/buttons.min.css?ver=5.8.3 HTTP/1.1" 200 2372 "https://intranet.price.fox.org/wp-login.php?redirect_to=https%3A%2F%2Fintranet.price.fox.org%2Fwp-admin%2F&reauth=1" "Mozilla/5.0 (X11; Linux x86_64) AppleWebKit/537.36 (KHTML, like Gecko) HeadlessChrome/95.0.4638.69 Safari/537.36"
172.17.130.196 - - [19/Jan/2022:21:21:45 +0000] "GET /wp-admin/css/forms.min.css?ver=5.8.3 HTTP/1.1" 200 7171 "https://intranet.price.fox.org/wp-login.php?redirect_to=https%3A%2F%2Fintranet.price.fox.org%2Fwp-admin%2F&reauth=1" "Mozilla/5.0 (X11; Linux x86_64) AppleWebKit/537.36 (KHTML, like Gecko) HeadlessChrome/95.0.4638.69 Safari/537.36"
172.17.130.196 - - [19/Jan/2022:21:21:46 +0000] "GET /wp-admin/css/login.min.css?ver=5.8.3 HTTP/1.1" 200 2435 "https://intranet.price.fox.org/wp-login.php?redirect_to=https%3A%2F%2Fintranet.price.fox.org%2Fwp-admin%2F&reauth=1" "Mozilla/5.0 (X11; Linux x86_64) AppleWebKit/537.36 (KHTML, like Gecko) HeadlessChrome/95.0.4638.69 Safari/537.36"
172.17.130.196 - - [19/Jan/2022:21:21:46 +0000] "GET /wp-includes/js/zxcvbn-async.min.js?ver=1.0 HTTP/1.1" 200 611 "https://intranet.price.fox.org/wp-login.php?redirect_to=https%3A%2F%2Fintranet.price.fox.org%2Fwp-admin%2F&reauth=1" "Mozilla/5.0 (X11; Linux x86_64) AppleWebKit/537.36 (KHTML, like Gecko) HeadlessChrome/95.0.4638.69 Safari/537.36"
172.17.130.196 - - [19/Jan/2022:21:21:46 +0000] "GET /wp-includes/js/jquery/jquery-migrate.min.js?ver=3.3.2 HTTP/1.1" 200 5146 "https://intranet.price.fox.org/wp-login.php?redirect_to=https%3A%2F%2Fintranet.price.fox.org%2Fwp-admin%2F&reauth=1" "Mozilla/5.0 (X11; Linux x86_64) AppleWebKit/537.36 (KHTML, like Gecko) HeadlessChrome/95.0.4638.69 Safari/537.36"
172.17.130.196 - - [19/Jan/2022:21:21:46 +0000] "GET /wp-includes/js/dist/vendor/regenerator-runtime.min.js?ver=0.13.7 HTTP/1.1" 200 2799 "https://intranet.price.fox.org/wp-login.php?redirect_to=https%3A%2F%2Fintranet.price.fox.org%2Fwp-admin%2F&reauth=1" "Mozilla/5.0 (X11; Linux x86_64) AppleWebKit/537.36 (KHTML, like Gecko) HeadlessChrome/95.0.4638.69 Safari/537.36"
172.17.130.196 - - [19/Jan/2022:21:21:45 +0000] "GET /wp-admin/css/l10n.min.css?ver=5.8.3 HTTP/1.1" 200 4024 "https://intranet.price.fox.org/wp-login.php?redirect_to=https%3A%2F%2Fintranet.price.fox.org%2Fwp-admin%2F&reauth=1" "Mozilla/5.0 (X11; Linux x86_64) AppleWebKit/537.36 (KHTML, like Gecko) HeadlessChrome/95.0.4638.69 Safari/537.36"
172.17.130.196 - - [19/Jan/2022:21:21:46 +0000] "GET /wp-includes/js/jquery/jquery.min.js?ver=3.6.0 HTTP/1.1" 200 31953 "https://intranet.price.fox.org/wp-login.php?redirect_to=https%3A%2F%2Fintranet.price.fox.org%2Fwp-admin%2F&reauth=1" "Mozilla/5.0 (X11; Linux x86_64) AppleWebKit/537.36 (KHTML, like Gecko) HeadlessChrome/95.0.4638.69 Safari/537.36"
172.17.130.196 - - [19/Jan/2022:21:21:46 +0000] "GET /wp-includes/js/dist/hooks.min.js?ver=a7edae857aab69d69fa10d5aef23a5de HTTP/1.1" 200 2191 "https://intranet.price.fox.org/wp-login.php?redirect_to=https%3A%2F%2Fintranet.price.fox.org%2Fwp-admin%2F&reauth=1" "Mozilla/5.0 (X11; Linux x86_64) AppleWebKit/537.36 (KHTML, like Gecko) HeadlessChrome/95.0.4638.69 Safari/537.36"
172.17.130.196 - - [19/Jan/2022:21:21:46 +0000] "GET /wp-includes/js/dist/vendor/wp-polyfill.min.js?ver=3.15.0 HTTP/1.1" 200 6432 "https://intranet.price.fox.org/wp-login.php?redirect_to=https%3A%2F%2Fintranet.price.fox.org%2Fwp-admin%2F&reauth=1" "Mozilla/5.0 (X11; Linux x86_64) AppleWebKit/537.36 (KHTML, like Gecko) HeadlessChrome/95.0.4638.69 Safari/537.36"
172.17.130.196 - - [19/Jan/2022:21:21:46 +0000] "GET /wp-includes/js/dist/i18n.min.js?ver=5f1269854226b4dd90450db411a12b79 HTTP/1.1" 200 4259 "https://intranet.price.fox.org/wp-login.php?redirect_to=https%3A%2F%2Fintranet.price.fox.org%2Fwp-admin%2F&reauth=1" "Mozilla/5.0 (X11; Linux x86_64) AppleWebKit/537.36 (KHTML, like Gecko) HeadlessChrome/95.0.4638.69 Safari/537.36"
172.17.130.196 - - [19/Jan/2022:21:21:46 +0000] "GET /wp-admin/js/password-strength-meter.min.js?ver=5.8.3 HTTP/1.1" 200 976 "https://intranet.price.fox.org/wp-login.php?redirect_to=https%3A%2F%2Fintranet.price.fox.org%2Fwp-admin%2F&reauth=1" "Mozilla/5.0 (X11; Linux x86_64) AppleWebKit/537.36 (KHTML, like Gecko) HeadlessChrome/95.0.4638.69 Safari/537.36"
172.17.130.196 - - [19/Jan/2022:21:21:46 +0000] "GET /wp-includes/js/underscore.min.js?ver=1.13.1 HTTP/1.1" 200 7720 "https://intranet.price.fox.org/wp-login.php?redirect_to=https%3A%2F%2Fintranet.price.fox.org%2Fwp-admin%2F&reauth=1" "Mozilla/5.0 (X11; Linux x86_64) AppleWebKit/537.36 (KHTML, like Gecko) HeadlessChrome/95.0.4638.69 Safari/537.36"
172.17.130.196 - - [19/Jan/2022:21:21:46 +0000] "GET /wp-includes/js/wp-util.min.js?ver=5.8.3 HTTP/1.1" 200 1060 "https://intranet.price.fox.org/wp-login.php?redirect_to=https%3A%2F%2Fintranet.price.fox.org%2Fwp-admin%2F&reauth=1" "Mozilla/5.0 (X11; Linux x86_64) AppleWebKit/537.36 (KHTML, like Gecko) HeadlessChrome/95.0.4638.69 Safari/537.36"
172.17.130.196 - - [19/Jan/2022:21:21:46 +0000] "GET /wp-admin/js/user-profile.min.js?ver=5.8.3 HTTP/1.1" 200 2687 "https://intranet.price.fox.org/wp-login.php?redirect_to=https%3A%2F%2Fintranet.price.fox.org%2Fwp-admin%2F&reauth=1" "Mozilla/5.0 (X11; Linux x86_64) AppleWebKit/537.36 (KHTML, like Gecko) HeadlessChrome/95.0.4638.69 Safari/537.36"
172.17.130.196 - - [19/Jan/2022:21:21:46 +0000] "GET /wp-admin/images/wordpress-logo.svg?ver=20131107 HTTP/1.1" 200 1816 "https://intranet.price.fox.org/wp-admin/css/login.min.css?ver=5.8.3" "Mozilla/5.0 (X11; Linux x86_64) AppleWebKit/537.36 (KHTML, like Gecko) HeadlessChrome/95.0.4638.69 Safari/537.36"
172.17.130.196 - - [19/Jan/2022:21:21:46 +0000] "GET /wp-includes/js/zxcvbn.min.js HTTP/1.1" 200 403596 "https://intranet.price.fox.org/wp-login.php?redirect_to=https%3A%2F%2Fintranet.price.fox.org%2Fwp-admin%2F&reauth=1" "Mozilla/5.0 (X11; Linux x86_64) AppleWebKit/537.36 (KHTML, like Gecko) HeadlessChrome/95.0.4638.69 Safari/537.36"
172.17.130.196 - - [19/Jan/2022:21:21:51 +0000] "POST /wp-login.php HTTP/1.1" 302 1746 "https://intranet.price.fox.org/wp-login.php?redirect_to=https%3A%2F%2Fintranet.price.fox.org%2Fwp-admin%2F&reauth=1" "Mozilla/5.0 (X11; Linux x86_64) AppleWebKit/537.36 (KHTML, like Gecko) HeadlessChrome/95.0.4638.69 Safari/537.36"
172.17.130.196 - - [19/Jan/2022:21:21:51 +0000] "GET /wp-admin/ HTTP/1.1" 200 16710 "https://intranet.price.fox.org/wp-login.php?redirect_to=https%3A%2F%2Fintranet.price.fox.org%2Fwp-admin%2F&reauth=1" "Mozilla/5.0 (X11; Linux x86_64) AppleWebKit/537.36 (KHTML, like Gecko) HeadlessChrome/95.0.4638.69 Safari/537.36"
::1 - - [19/Jan/2022:21:21:51 +0000] "OPTIONS * HTTP/1.0" 200 110 "-" "Apache/2.4.29 (Ubuntu) OpenSSL/1.1.1 (internal dummy connection)"
172.17.130.196 - - [19/Jan/2022:21:21:51 +0000] "GET /wp-includes/js/thickbox/thickbox.css?ver=5.8.3 HTTP/1.1" 200 1856 "https://intranet.price.fox.org/wp-admin/" "Mozilla/5.0 (X11; Linux x86_64) AppleWebKit/537.36 (KHTML, like Gecko) HeadlessChrome/95.0.4638.69 Safari/537.36"
172.17.130.196 - - [19/Jan/2022:21:21:51 +0000] "GET /wp-includes/css/editor.min.css?ver=5.8.3 HTTP/1.1" 200 6854 "https://intranet.price.fox.org/wp-admin/" "Mozilla/5.0 (X11; Linux x86_64) AppleWebKit/537.36 (KHTML, like Gecko) HeadlessChrome/95.0.4638.69 Safari/537.36"
172.17.130.196 - - [19/Jan/2022:21:21:51 +0000] "GET /wp-admin/load-scripts.php?c=0&load%5Bchunk_0%5D=jquery-core,jquery-migrate,utils&ver=5.8.3 HTTP/1.1" 200 35419 "https://intranet.price.fox.org/wp-admin/" "Mozilla/5.0 (X11; Linux x86_64) AppleWebKit/537.36 (KHTML, like Gecko) HeadlessChrome/95.0.4638.69 Safari/537.36"
172.17.130.196 - - [19/Jan/2022:21:21:51 +0000] "GET /wp-admin/load-styles.php?c=0&dir=ltr&load%5Bchunk_0%5D=dashicons,admin-bar,common,forms,admin-menu,dashboard,list-tables,edit,revisions,media,themes,about,nav-menus,wp-pointer,widgets&load%5Bchunk_1%5D=,site-icon,l10n,buttons,wp-auth-check&ver=5.8.3 HTTP/1.1" 200 98689 "https://intranet.price.fox.org/wp-admin/" "Mozilla/5.0 (X11; Linux x86_64) AppleWebKit/537.36 (KHTML, like Gecko) HeadlessChrome/95.0.4638.69 Safari/537.36"
172.17.130.196 - - [19/Jan/2022:21:21:51 +0000] "GET /wp-admin/load-scripts.php?c=0&load%5Bchunk_0%5D=hoverIntent,regenerator-runtime,wp-polyfill,wp-hooks&ver=5.8.3 HTTP/1.1" 200 10664 "https://intranet.price.fox.org/wp-admin/" "Mozilla/5.0 (X11; Linux x86_64) AppleWebKit/537.36 (KHTML, like Gecko) HeadlessChrome/95.0.4638.69 Safari/537.36"
172.17.130.196 - - [19/Jan/2022:21:21:51 +0000] "GET /wp-admin/js/common.min.js?ver=5.8.3 HTTP/1.1" 200 6921 "https://intranet.price.fox.org/wp-admin/" "Mozilla/5.0 (X11; Linux x86_64) AppleWebKit/537.36 (KHTML, like Gecko) HeadlessChrome/95.0.4638.69 Safari/537.36"
172.17.130.196 - - [19/Jan/2022:21:21:51 +0000] "GET /wp-includes/js/hoverintent-js.min.js?ver=2.2.1 HTTP/1.1" 200 1073 "https://intranet.price.fox.org/wp-admin/" "Mozilla/5.0 (X11; Linux x86_64) AppleWebKit/537.36 (KHTML, like Gecko) HeadlessChrome/95.0.4638.69 Safari/537.36"
172.17.130.196 - - [19/Jan/2022:21:21:51 +0000] "GET /wp-includes/js/admin-bar.min.js?ver=5.8.3 HTTP/1.1" 200 1747 "https://intranet.price.fox.org/wp-admin/" "Mozilla/5.0 (X11; Linux x86_64) AppleWebKit/537.36 (KHTML, like Gecko) HeadlessChrome/95.0.4638.69 Safari/537.36"
172.17.130.196 - - [19/Jan/2022:21:21:52 +0000] "GET /wp-includes/js/wp-ajax-response.min.js?ver=5.8.3 HTTP/1.1" 200 1328 "https://intranet.price.fox.org/wp-admin/" "Mozilla/5.0 (X11; Linux x86_64) AppleWebKit/537.36 (KHTML, like Gecko) HeadlessChrome/95.0.4638.69 Safari/537.36"
172.17.130.196 - - [19/Jan/2022:21:21:52 +0000] "GET /wp-includes/js/wp-lists.min.js?ver=5.8.3 HTTP/1.1" 200 2929 "https://intranet.price.fox.org/wp-admin/" "Mozilla/5.0 (X11; Linux x86_64) AppleWebKit/537.36 (KHTML, like Gecko) HeadlessChrome/95.0.4638.69 Safari/537.36"
172.17.130.196 - - [19/Jan/2022:21:21:52 +0000] "GET /wp-includes/js/jquery/jquery.color.min.js?ver=2.1.2 HTTP/1.1" 200 4324 "https://intranet.price.fox.org/wp-admin/" "Mozilla/5.0 (X11; Linux x86_64) AppleWebKit/537.36 (KHTML, like Gecko) HeadlessChrome/95.0.4638.69 Safari/537.36"
